[00:17:14] Using device: cuda:1
Traceback (most recent call last):
  File "/data/libaichuan/Projects/SOD/ACDS-DETR/tools/train.py", line 249, in <module>
    main()
  File "/data/libaichuan/Projects/SOD/ACDS-DETR/tools/train.py", line 162, in main
    ckpt = load_checkpoint(
           ^^^^^^^^^^^^^^^^
  File "/data/libaichuan/Projects/SOD/ACDS-DETR/utils/checkpoint.py", line 22, in load_checkpoint
    ckpt = torch.load(path, map_location=map_location)
           ^^^^^^^^^^^^^^^^^^^^^^^^^^^^^^^^^^^^^^^^^^^
  File "/data/libaichuan/yes/envs/sod/lib/python3.11/site-packages/torch/serialization.py", line 1425, in load
    with _open_file_like(f, "rb") as opened_file:
         ^^^^^^^^^^^^^^^^^^^^^^^^
  File "/data/libaichuan/yes/envs/sod/lib/python3.11/site-packages/torch/serialization.py", line 751, in _open_file_like
    return _open_file(name_or_buffer, mode)
           ^^^^^^^^^^^^^^^^^^^^^^^^^^^^^^^^
  File "/data/libaichuan/yes/envs/sod/lib/python3.11/site-packages/torch/serialization.py", line 732, in __init__
    super().__init__(open(name, mode))
                     ^^^^^^^^^^^^^^^^
FileNotFoundError: [Errno 2] No such file or directory: 'outputs/stage2_acds_full_finetune/best_map.pth'
